[debug] [2026-05-08T12:06:49.149Z] ----------------------------------------------------------------------
[debug] [2026-05-08T12:06:49.153Z] Command:       /opt/homebrew/Cellar/node/24.10.0/bin/node /opt/homebrew/bin/firebase deploy --only functions
[debug] [2026-05-08T12:06:49.154Z] CLI Version:   15.11.0
[debug] [2026-05-08T12:06:49.154Z] Platform:      darwin
[debug] [2026-05-08T12:06:49.154Z] Node Version:  v24.10.0
[debug] [2026-05-08T12:06:49.154Z] Time:          Fri May 08 2026 22:06:49 GMT+1000 (Australian Eastern Standard Time)
[debug] [2026-05-08T12:06:49.154Z] ----------------------------------------------------------------------
[debug] 
[debug] [2026-05-08T12:06:50.520Z] > command requires scopes: ["email","openid","https://www.googleapis.com/auth/cloudplatformprojects.readonly","https://www.googleapis.com/auth/firebase","https://www.googleapis.com/auth/cloud-platform"]
[debug] [2026-05-08T12:06:50.520Z] > authorizing via signed-in user (konstantinlikes@gmail.com)
[debug] [2026-05-08T12:06:50.520Z] [iam] checking project schedule-4c151 for permissions ["cloudfunctions.functions.create","cloudfunctions.functions.delete","cloudfunctions.functions.get","cloudfunctions.functions.list","cloudfunctions.functions.update","cloudfunctions.operations.get","firebase.projects.get"]
[debug] [2026-05-08T12:06:50.520Z] No OAuth tokens found
[debug] [2026-05-08T12:06:50.521Z] No OAuth tokens found
[debug] [2026-05-08T12:06:50.521Z] > refreshing access token with scopes: []
[debug] [2026-05-08T12:06:50.522Z] >>> [apiv2][query] POST https://www.googleapis.com/oauth2/v3/token [none]
[debug] [2026-05-08T12:06:50.522Z] >>> [apiv2][body] POST https://www.googleapis.com/oauth2/v3/token [omitted]
[debug] [2026-05-08T12:06:50.795Z] <<< [apiv2][status] POST https://www.googleapis.com/oauth2/v3/token 200
[debug] [2026-05-08T12:06:50.795Z] <<< [apiv2][body] POST https://www.googleapis.com/oauth2/v3/token [omitted]
[debug] [2026-05-08T12:06:50.807Z] >>> [apiv2][query] POST https://cloudresourcemanager.googleapis.com/v1/projects/schedule-4c151:testIamPermissions [none]
[debug] [2026-05-08T12:06:50.807Z] >>> [apiv2][(partial)header] POST https://cloudresourcemanager.googleapis.com/v1/projects/schedule-4c151:testIamPermissions  x-goog-user-project=schedule-4c151
[debug] [2026-05-08T12:06:50.807Z] >>> [apiv2][body] POST https://cloudresourcemanager.googleapis.com/v1/projects/schedule-4c151:testIamPermissions {"permissions":["cloudfunctions.functions.create","cloudfunctions.functions.delete","cloudfunctions.functions.get","cloudfunctions.functions.list","cloudfunctions.functions.update","cloudfunctions.operations.get","firebase.projects.get"]}
[debug] [2026-05-08T12:06:51.145Z] <<< [apiv2][status] POST https://cloudresourcemanager.googleapis.com/v1/projects/schedule-4c151:testIamPermissions 200
[debug] [2026-05-08T12:06:51.145Z] <<< [apiv2][body] POST https://cloudresourcemanager.googleapis.com/v1/projects/schedule-4c151:testIamPermissions {"permissions":["cloudfunctions.functions.create","cloudfunctions.functions.delete","cloudfunctions.functions.get","cloudfunctions.functions.list","cloudfunctions.functions.update","cloudfunctions.operations.get","firebase.projects.get"]}
[debug] [2026-05-08T12:06:51.145Z] Checked if tokens are valid: true, expires at: 1778245609795
[debug] [2026-05-08T12:06:51.145Z] Checked if tokens are valid: true, expires at: 1778245609795
[debug] [2026-05-08T12:06:51.145Z] >>> [apiv2][query] POST https://iam.googleapis.com/v1/projects/schedule-4c151/serviceAccounts/schedule-4c151@appspot.gserviceaccount.com:testIamPermissions [none]
[debug] [2026-05-08T12:06:51.145Z] >>> [apiv2][body] POST https://iam.googleapis.com/v1/projects/schedule-4c151/serviceAccounts/schedule-4c151@appspot.gserviceaccount.com:testIamPermissions {"permissions":["iam.serviceAccounts.actAs"]}
[debug] [2026-05-08T12:06:51.583Z] <<< [apiv2][status] POST https://iam.googleapis.com/v1/projects/schedule-4c151/serviceAccounts/schedule-4c151@appspot.gserviceaccount.com:testIamPermissions 200
[debug] [2026-05-08T12:06:51.583Z] <<< [apiv2][body] POST https://iam.googleapis.com/v1/projects/schedule-4c151/serviceAccounts/schedule-4c151@appspot.gserviceaccount.com:testIamPermissions {"permissions":["iam.serviceAccounts.actAs"]}
[info] 
[info] === Deploying to 'schedule-4c151'...
[info] 
[info] i  deploying functions 
[info] Running command: npm --prefix "$RESOURCE_DIR" run build
